>> initializing ghost diagnostics...

SYSTEM CONFIG
  ◆ host: http://remote:11434
  ◆ model: llama3.1:70b
  ◆ config file not loaded: stat /custom/path/config.toml: no such file or directory
  ◆ system prompt: Custom system prompt

NEURAL LINK STATUS
  ◆ ollama api CONNECTED [v]
  ◆ model llama3.1:70b active

>> ghost online :: all systems nominal
