>> initializing ghost diagnostics...

SYSTEM CONFIG
  ◆ host: http://localhost:11434
  ◆ model: test:model
  ◆ config file not loaded: using defaults
  ◆ system prompt: empty

NEURAL LINK STATUS
  ◆ ollama api CONNECTED [v0.12.6]
  ✗ model test:model not loaded: failed to get API response

>> ghost offline :: 1 critical errors detected
