>> initializing ghost diagnostics...

SYSTEM CONFIG
  ◆ config file not loaded: using defaults
  ◆ host: http://localhost:11434
  ◆ chat model: test:model
  ◆ vision model: 
  ◆ system prompt: empty
  ◆ vision system prompt: empty

NEURAL LINK STATUS
  ✗ ollama api CONNECTION FAILED: model not found
  ✗ chat model test:model NOT LOADED: pull model
  ✗ vision model  NOT LOADED: pull model

>> ghost offline :: 3 critical errors detected
