>> initializing ghost diagnostics...

SYSTEM CONFIG
  ◆ host: http://localhost:11434
  ◆ model: test:model
  ◆ config file not loaded: stat /home/.config/ghost/config.toml: no such file or directory
  ◆ system prompt: empty

NEURAL LINK STATUS
  ◆ ollama api CONNECTED [v]
  ◆ model test:model active

>> ghost online :: all systems nominal
