>> initializing ghost diagnostics...

SYSTEM CONFIG
  ◆ config file not loaded: using defaults
  ◆ host: http://localhost:11434
  ◆ chat model: codellama:13b
  ◆ vision model: 
  ◆ system prompt: empty
  ◆ vision system prompt: empty

NEURAL LINK STATUS
  ◆ ollama api CONNECTED [v]
  ◆ chat model codellama:13b ACTIVE
  ◆ vision model  ACTIVE

>> ghost online :: all systems nominal
