>> initializing ghost diagnostics...

SYSTEM CONFIG
  ◆ host: http://localhost:11434
  ◆ model: test:model
  ◆ config: 
  ◆ system prompt: 

NEURAL LINK STATUS
  ✗ ollama api CONNECTION FAILED: model not found
  ✗ model test:model not loaded: pull model

>> ghost offline :: 2 critical errors detected
