>> initializing ghost diagnostics...

SYSTEM CONFIG
  ◆ config file not loaded: using defaults
  ◆ host: http://localhost:11434
  ◆ chat model: test:model
  ◆ vision model: 
  ◆ system prompt: You are Ghost, a cyberpunk AI assistant
  ◆ vision system prompt: empty

NEURAL LINK STATUS
  ◆ ollama api CONNECTED [v]
  ◆ chat model test:model ACTIVE
  ◆ vision model  ACTIVE

>> ghost online :: all systems nominal
