>> initializing ghost diagnostics...

SYSTEM CONFIG
  ◆ config file not loaded: using defaults
  ◆ host: http://localhost:11434
  ◆ chat model: test:model
  ◆ vision model: 
  ◆ system prompt: empty
  ◆ vision system prompt: empty

NEURAL LINK STATUS
  ◆ ollama api CONNECTED [v0.12.6]
  ✗ chat model test:model NOT LOADED: failed to get API response
  ✗ vision model  NOT LOADED: failed to get API response

>> ghost offline :: 2 critical errors detected
