>> initializing ghost diagnostics...

SYSTEM CONFIG
  ◆ host: http://localhost:11434
  ◆ model: test:model
  ◆ config file not loaded: stat : no such file or directory
  ◆ system prompt: You are Ghost, a cyberpunk AI assistant

NEURAL LINK STATUS
  ◆ ollama api CONNECTED [v]
  ◆ model test:model active

>> ghost online :: all systems nominal
